// Jest Snapshot v1, https://jestjs.io/docs/snapshot-testing

exports[`Page renders homepage unchanged 1`] = `
<div>
  <div
    class="font-sans grid grid-rows-[20px_1fr_20px] items-center justify-items-center min-h-screen p-8 pb-20 gap-16 sm:p-20"
  >
    <main
      class="flex flex-col gap-[32px] row-start-2 items-center sm:items-start"
    >
      <div>
        <h1>
          Home
        </h1>
        <a
          href="/about"
        >
          About
        </a>
      </div>
      <img
        alt="Next.js logo"
        class="dark:invert"
        data-nimg="1"
        decoding="async"
        height="38"
        src="/next.svg"
        style="color: transparent;"
        width="180"
      />
      <ol
        class="font-mono list-inside list-decimal text-sm/6 text-center sm:text-left"
      >
        <li
          class="mb-2 tracking-[-.01em]"
        >
          Get started by editing
           
          <code
            class="bg-black/[.05] dark:bg-white/[.06] font-mono font-semibold px-1 py-0.5 rounded"
          >
            src/app/page.js
          </code>
          .
        </li>
        <li
          class="tracking-[-.01em]"
        >
          Save and see your changes instantly.
        </li>
      </ol>
      <div
        class="bg-background text-foreground"
      >
        testing ShadCN
      </div>
      <button
        aria-expanded="false"
        aria-haspopup="menu"
        class="inline-flex items-center justify-center gap-2 whitespace-nowrap rounded-md text-sm font-medium transition-all disabled:pointer-events-none disabled:opacity-50 [&_svg]:pointer-events-none [&_svg:not([class*='size-'])]:size-4 shrink-0 [&_svg]:shrink-0 outline-none focus-visible:border-ring focus-visible:ring-ring/50 focus-visible:ring-[3px] aria-invalid:ring-destructive/20 dark:aria-invalid:ring-destructive/40 aria-invalid:border-destructive border bg-background shadow-xs hover:bg-accent hover:text-accent-foreground dark:bg-input/30 dark:border-input dark:hover:bg-input/50 size-9"
        data-slot="dropdown-menu-trigger"
        data-state="closed"
        id="radix-«r2»"
        type="button"
      >
        <svg
          aria-hidden="true"
          class="lucide lucide-sun h-[1.2rem] w-[1.2rem] scale-100 rotate-0 transition-all dark:scale-0 dark:-rotate-90"
          fill="none"
          height="24"
          stroke="currentColor"
          stroke-linecap="round"
          stroke-linejoin="round"
          stroke-width="2"
          viewBox="0 0 24 24"
          width="24"
          xmlns="http://www.w3.org/2000/svg"
        >
          <circle
            cx="12"
            cy="12"
            r="4"
          />
          <path
            d="M12 2v2"
          />
          <path
            d="M12 20v2"
          />
          <path
            d="m4.93 4.93 1.41 1.41"
          />
          <path
            d="m17.66 17.66 1.41 1.41"
          />
          <path
            d="M2 12h2"
          />
          <path
            d="M20 12h2"
          />
          <path
            d="m6.34 17.66-1.41 1.41"
          />
          <path
            d="m19.07 4.93-1.41 1.41"
          />
        </svg>
        <svg
          aria-hidden="true"
          class="lucide lucide-moon absolute h-[1.2rem] w-[1.2rem] scale-0 rotate-90 transition-all dark:scale-100 dark:rotate-0"
          fill="none"
          height="24"
          stroke="currentColor"
          stroke-linecap="round"
          stroke-linejoin="round"
          stroke-width="2"
          viewBox="0 0 24 24"
          width="24"
          xmlns="http://www.w3.org/2000/svg"
        >
          <path
            d="M20.985 12.486a9 9 0 1 1-9.473-9.472c.405-.022.617.46.402.803a6 6 0 0 0 8.268 8.268c.344-.215.825-.004.803.401"
          />
        </svg>
        <span
          class="sr-only"
        >
          Toggle theme
        </span>
      </button>
      <div
        class="flex gap-4 items-center flex-col sm:flex-row"
      >
        <a
          class="rounded-full border border-solid border-transparent transition-colors flex items-center justify-center bg-foreground text-background gap-2 hover:bg-[#383838] dark:hover:bg-[#ccc] font-medium text-sm sm:text-base h-10 sm:h-12 px-4 sm:px-5 sm:w-auto"
          href="https://vercel.com/new?utm_source=create-next-app&utm_medium=appdir-template-tw&utm_campaign=create-next-app"
          rel="noopener noreferrer"
          target="_blank"
        >
          <img
            alt="Vercel logomark"
            class="dark:invert"
            data-nimg="1"
            decoding="async"
            height="20"
            loading="lazy"
            src="/vercel.svg"
            style="color: transparent;"
            width="20"
          />
          Deploy now
        </a>
        <a
          class="rounded-full border border-solid border-black/[.08] dark:border-white/[.145] transition-colors flex items-center justify-center hover:bg-[#f2f2f2] dark:hover:bg-[#1a1a1a] hover:border-transparent font-medium text-sm sm:text-base h-10 sm:h-12 px-4 sm:px-5 w-full sm:w-auto md:w-[158px]"
          href="https://nextjs.org/docs?utm_source=create-next-app&utm_medium=appdir-template-tw&utm_campaign=create-next-app"
          rel="noopener noreferrer"
          target="_blank"
        >
          Read our docs
        </a>
      </div>
    </main>
    <footer
      class="row-start-3 flex gap-[24px] flex-wrap items-center justify-center"
    >
      <a
        class="flex items-center gap-2 hover:underline hover:underline-offset-4"
        href="https://nextjs.org/learn?utm_source=create-next-app&utm_medium=appdir-template-tw&utm_campaign=create-next-app"
        rel="noopener noreferrer"
        target="_blank"
      >
        <img
          alt="File icon"
          aria-hidden="true"
          data-nimg="1"
          decoding="async"
          height="16"
          loading="lazy"
          src="/file.svg"
          style="color: transparent;"
          width="16"
        />
        Learn
      </a>
      <a
        class="flex items-center gap-2 hover:underline hover:underline-offset-4"
        href="https://vercel.com/templates?framework=next.js&utm_source=create-next-app&utm_medium=appdir-template-tw&utm_campaign=create-next-app"
        rel="noopener noreferrer"
        target="_blank"
      >
        <img
          alt="Window icon"
          aria-hidden="true"
          data-nimg="1"
          decoding="async"
          height="16"
          loading="lazy"
          src="/window.svg"
          style="color: transparent;"
          width="16"
        />
        Examples
      </a>
      <a
        class="flex items-center gap-2 hover:underline hover:underline-offset-4"
        href="https://nextjs.org?utm_source=create-next-app&utm_medium=appdir-template-tw&utm_campaign=create-next-app"
        rel="noopener noreferrer"
        target="_blank"
      >
        <img
          alt="Globe icon"
          aria-hidden="true"
          data-nimg="1"
          decoding="async"
          height="16"
          loading="lazy"
          src="/globe.svg"
          style="color: transparent;"
          width="16"
        />
        Go to nextjs.org →
      </a>
    </footer>
  </div>
</div>
`;
